# Haritha Font map for Payyans (ASCII data - Unicode Convertor)
# Copyright 2013 Manoj K <manojkmohanme03107@gmail.com> www.manojkmohan.com
# Licensed under GPLv3
# Swathanthra Malayalam Computing http://www.smc.org.in
# Contact discuss@lists.smc.org.in for bug reports
A=അ
B=ആ
C=ഇ
D=ഉ
E=ഋ
F=എ
G=ഏ
H=ഒ
I=ക
J=ഖ
K=ഗ
L=ഘ
M=ങ
N=ച
O=ഛ
P=ജ
Q=ഝ
R=ഞ
S=ട
T=ഠ
U=ഡ
V=ഢ
W=ണ
X=ത
Y=ഥ
Z=ദ
[=ധ
\=ന
]=പ
^=ഫ
_=ബ
`=ഭ
a=മ
b=യ
c=ര
d=റ
e=ല
f=ള
g=ഴ
h=വ
i=ശ
j=ഷ
k=സ
l=ഹ
m=ാ
n=ി
o=ീ
p=ു
q=ൂ
r=ൃ
s=െ
t=േ
u=ൗ
v=്
w=ം
x=ഃ
y=്യ
z=്വ
{=്ര
|=ക്ക 
}=ക്ട
~=ക്ത
¡=ക്ല
¢=ക്ഷ
£=ഗ്ഗ
¤=ഗ്ദ
¥=ഗ്ദ്ധ
¦=ഗ്ന
§=ഗ്മ
¨=ഗ്ല
©=ങ്ക
ª=ങ്ങ
«=ട്ട
¬=ണ്‍
­=-
®=ച്ച
¯=-
°=ച്ഛ
±=ജ്ജ
²=ജ്ഞ
³=ഞ്ച
´=ഞ്ഛ
µ=ന്ദ
¶=ന്ന
·=.
¸=ഞ്ജ
¹=ഞ്ഞ
º=ട്ട
»=ബ്ല
¼=ഡ്ഢ
½=ണ്‍
¾=ണ്ട
¿=ണ്ഠ
À=ണ്ഡ
Á=ണ്ണ
Â=ണ്മ
Ã=ത്ത
Ä=ത്ഥ
Å=ത്ന
Æ=ത്ഭ
Ç=ത്മ
È=ത്സ
É=ദ്ദ
Ê=ദ്ധ
Ë=ന്‍
Ì=ന്ത
Í=ന്ഥ
Î=ന്ദ
Ï=ന്ധ
Ð=ന്ന
Ñ=ന്മ
Ò=ന്റ
Ó=പ്ന
Ô=പ്പ
Õ=പ്ല
Ö=ബ്ദ
×=ബ്ധ
Ø=ബ്ബ
Ù=ബ്ല
Ú=മ്പ
Û=മ്മ
Ü=മ്ല
Ý=യ്ക
Þ=യ്ക്ക
ß=യ്ത
à=യ്യ
á=ര്‍
â=റ്റ
ã=ല്‍
ä=ല്ക
å=ല്പ
æ=ല്ല
ç=ള്‍
è=ള്ള
é=ഴ്ച
ê=വ്വ
ë=ശ്ച
ì=ശ്ന
í=ശ്ല
î=ശ്ശ
ï=ഷ്ക
ð=ഷ്ട
ñ=ഷ്ണ
ò=ഷ്പ
ó=ഷ്ഫ
ô=സ്ക
õ=സ്ത
ö=സ്ഥ
÷=സ്ന
ø=സ്പ
ù=സ്ഫ
ú=സ്മ
û=സ്ല
ü=സ്സ
ý=ഹ്ന
þ=ഹ്മ
ÿ=ഹ്ല
#=്യു
>=്യൂ
